$ turbo run test:types
• turbo 2.9.5

   • Packages in scope: @chat-js/cli, @chat-js/electron, @chat-js/registry, @chat-js/thread, @chatjs/chat, @chatjs/docs, @chatjs/site
   • Running test:types in 7 packages
   • Remote caching disabled, using shared worktree cache

@chat-js/thread:test:types: cache hit, replaying logs 4a6098f61f1fe323
@chat-js/cli:test:types: cache hit, replaying logs e6c18cd60bc668bf
@chat-js/thread:test:types: $ tsc -p tsconfig.json --noEmit && bun run build
@chat-js/thread:test:types: $ bun -e "import { rmSync } from 'node:fs'; rmSync('dist', { recursive: true, force: true })" && tsc -p tsconfig.build.json && bun ./build.ts
@chat-js/cli:test:types: $ tsc -p tsconfig.selection.json --noEmit
@chatjs/chat:test:types: cache hit, replaying logs f240ee8d90a2e6d1
@chatjs/site:test:types: cache hit, replaying logs 87e113717303112b
@chatjs/chat:test:types: $ rm -rf .next/dev/types && next typegen . && tsc --noEmit
@chatjs/chat:test:types: Generating route types...
@chatjs/chat:test:types: ✓ Types generated successfully
@chatjs/site:test:types: $ next typegen . && tsc --noEmit
@chatjs/site:test:types: Generating route types...
@chatjs/site:test:types: ✓ Types generated successfully

 Tasks:    4 successful, 4 total
Cached:    4 cached, 4 total
  Time:    140ms >>> FULL TURBO

